profile_menu.wage_preview
profile.vac_pct_label
profile.holiday_pct_label
profile.thirteenth_pct_label
profile.expenses_per_hour_label
profile.weekly_hours_label
rules.wage.preview_btn
rules.wage.preview_hours
dialogs.common.close
dialogs.common.gross_per_hour
dialogs.common.net_per_hour
dialogs.common.gross_per_month
dialogs.common.net_per_month
tools.backup_desc
tools.backup_btn
tools.restore_btn
tools.backup_ok
calendar.all
rules.title
rules.enabled
rules.night.title
rules.active
rules.from
rules.to
rules.weekend.title
rules.holiday.title
dialogs.common.save
dialogs.common.cancel
dialogs.common.saved
rules.wage.title
dialogs.common.result
rules.wage.global
rules.wage.reset_user
rules.wage.user
tools.log_viewer
tools.user_logs
dialogs.common.load
tools.error_log
dialogs.common.refresh
tools.backup_desc
tools.backup_btn
tools.restore_btn
profile_menu.wage_preview
profile.vac_pct_label
profile.holiday_pct_label
profile.thirteenth_pct_label
profile.expenses_per_hour_label
profile.weekly_hours_label
rules.wage.preview_btn
rules.wage.preview_hours
notif.title
notif.col.title
notif.col.body
notif.mark_all
profile_menu.wage_preview
profile.vac_pct_label
profile.holiday_pct_label
profile.thirteenth_pct_label
profile.expenses_per_hour_label
profile.weekly_hours_label
rules.wage.preview_btn
rules.wage.preview_hours
profile_menu.wage_preview
profile.vac_pct_label
profile.holiday_pct_label
profile.thirteenth_pct_label
profile.expenses_per_hour_label
profile.weekly_hours_label
rules.wage.preview_btn
rules.wage.preview_hours
rules.title
rules.enabled
rules.night.title
rules.active
rules.from
rules.to
rules.weekend.title
rules.holiday.title
profile_menu.wage_preview
profile.vac_pct_label
profile.holiday_pct_label
profile.thirteenth_pct_label
profile.expenses_per_hour_label
profile.weekly_hours_label
rules.wage.preview_btn
rules.wage.preview_hours
profile_menu.wage_preview
profile.vac_pct_label
profile.holiday_pct_label
profile.thirteenth_pct_label
profile.expenses_per_hour_label
profile.weekly_hours_label
rules.wage.preview_btn
rules.wage.preview_hours
rules.title
rules.enabled
rules.night.title
rules.active
rules.from
rules.to
rules.weekend.title
rules.holiday.title
rules.title
rules.enabled
tools.backup_desc
tools.backup_btn
tools.restore_btn
rules.wage.title
profile.vac_pct_label
profile.holiday_pct_label
profile.thirteenth_pct_label
profile.expenses_per_hour_label
profile.weekly_hours_label
rules.wage.preview_hours
rules.wage.preview_btn
rules.wage.global
rules.wage.reset_user
rules.wage.user
tools.backup_desc
tools.backup_btn
tools.restore_btn
tools.backup_ok
rules.wage.title
profile.vac_pct_label
profile.holiday_pct_label
profile.thirteenth_pct_label
profile.expenses_per_hour_label
profile.weekly_hours_label
rules.wage.preview_hours
rules.wage.preview_btn
rules.wage.global
rules.wage.reset_user
rules.wage.user
notif.title
notif.col.title
notif.col.body
notif.mark_all
tools.backup_desc
tools.backup_btn
tools.restore_btn
tools.backup_ok
rules.wage.title
profile.vac_pct_label
profile.holiday_pct_label
profile.thirteenth_pct_label
profile.expenses_per_hour_label
profile.weekly_hours_label
rules.wage.preview_hours
rules.wage.preview_btn
rules.wage.global
rules.wage.reset_user
rules.wage.user
tools.log_viewer
tools.user_logs
tools.error_log
tools.backup_desc
tools.backup_btn
tools.restore_btn
tools.backup_ok
rules.wage.title
profile.vac_pct_label
profile.holiday_pct_label
profile.thirteenth_pct_label
profile.expenses_per_hour_label
profile.weekly_hours_label
rules.wage.preview_hours
rules.wage.preview_btn
rules.wage.global
rules.wage.reset_user
rules.wage.user
rules.wage.reset_ok
rules.wage.title
profile.vac_pct_label
profile.holiday_pct_label
profile.thirteenth_pct_label
profile.expenses_per_hour_label
profile.weekly_hours_label
rules.wage.preview_hours
rules.wage.preview_btn
rules.wage.global
rules.wage.reset_user
rules.wage.user
rules.wage.title
profile.vac_pct_label
profile.holiday_pct_label
profile.thirteenth_pct_label
profile.expenses_per_hour_label
profile.weekly_hours_label
rules.wage.preview_hours
rules.wage.preview_btn
rules.wage.global
rules.wage.reset_user
rules.wage.user
tools.backup_desc
tools.backup_btn
tools.restore_btn
tools.backup_ok
rules.wage.title
profile.vac_pct_label
profile.holiday_pct_label
profile.thirteenth_pct_label
profile.expenses_per_hour_label
profile.weekly_hours_label
rules.wage.preview_hours
rules.wage.preview_btn
rules.wage.global
rules.wage.reset_user
rules.wage.user
tools.log_viewer
tools.user_logs
tools.error_log
tools.backup_desc
tools.backup_btn
tools.restore_btn
tools.restore_warn
tools.backup_desc
tools.backup_btn
tools.restore_btn
tools.backup_ok
rules.wage.title
profile.vac_pct_label
profile.holiday_pct_label
profile.thirteenth_pct_label
profile.expenses_per_hour_label
profile.weekly_hours_label
rules.wage.preview_hours
rules.wage.preview_btn
rules.wage.global
rules.wage.reset_user
rules.wage.user
tools.backup_desc
tools.backup_btn
tools.restore_btn
tools.backup_ok
rules.wage.title
profile.vac_pct_label
profile.holiday_pct_label
profile.thirteenth_pct_label
profile.expenses_per_hour_label
profile.weekly_hours_label
rules.wage.preview_hours
rules.wage.preview_btn
rules.wage.global
rules.wage.reset_user
rules.wage.user
tools.log_viewer
tools.user_logs
tools.error_log
rules.wage.title
profile.vac_pct_label
profile.holiday_pct_label
profile.thirteenth_pct_label
profile.expenses_per_hour_label
profile.weekly_hours_label
rules.wage.preview_hours
rules.wage.preview_btn
rules.wage.global
rules.wage.reset_user
rules.wage.user
notif.title
notif.col.title
notif.col.body
notif.mark_all
admin_edit.group_user
admin_edit.active
admin_edit.role
admin_edit.group_contact
admin_edit.group_wage
admin_edit.group_employment
admin_edit.save
admin_edit.cancel
admin_edit.group_user
admin_edit.active
admin_edit.role
admin_edit.group_contact
admin_edit.group_wage
admin_edit.group_employment
admin_edit.save
admin_edit.cancel
tools.backup_desc
tools.backup_btn
tools.restore_btn
